// Jest Snapshot v1, https://goo.gl/fbAQLP

exports[`should match the snapshot 1`] = `
<DocumentFragment>
  <form>
    <label
      for="task"
    >
      Task: 
    </label>
    <input
      id="task"
      name="task"
      placeholder="task"
      value=""
    />
    <button>
      Add Todo
    </button>
  </form>
</DocumentFragment>
`;
